// Jest Snapshot v1, https://goo.gl/fbAQLP

exports[`Visit renders correctly and matches snapshot 1`] = `
<span
  style={
    Object {
      "height": "10rem",
      "marginTop": "-10rem",
      "position": "absolute",
      "visibility": "hidden",
      "width": "100%",
    }
  }
/>
`;
